MPLINK 5.08, LINKER
Linker Map File - Created Thu Oct 31 15:33:36 2019

                                 Section Info
                  Section       Type    Address   Location Size(Bytes)
                ---------  ---------  ---------  ---------  ---------
                 RES_VECT       code   0x000000    program   0x000004
                   .cinit    romdata   0x000004    program   0x000002
                MAIN_PROG       code   0x000006    program   0x000048
.config_300001_BUILD/DEFAULT/DEBUG/PROJETO1.O    romdata   0x300001    program   0x000001
.config_300003_BUILD/DEFAULT/DEBUG/PROJETO1.O    romdata   0x300003    program   0x000001
.config_300006_BUILD/DEFAULT/DEBUG/PROJETO1.O    romdata   0x300006    program   0x000001
                VARIAVEIS      udata   0x000000       data   0x000001



                              Program Memory Usage 
                               Start         End      
                           ---------   ---------      
                            0x000000    0x00004d      
                            0x300001    0x300001      
                            0x300003    0x300003      
                            0x300006    0x300006      
            81 out of 33048 program addresses used, program memory utilization is 0%



                              Symbols - Sorted by Name
                     Name    Address   Location    Storage File                     
                ---------  ---------  ---------  --------- ---------                
                Atraso600   0x000030    program     static C:\Users\Gilson\MPLABXProjects\Projeto1.X\Projeto1.asm
                     LOOP   0x000034    program     static C:\Users\Gilson\MPLABXProjects\Projeto1.X\Projeto1.asm
                     MAIN   0x000014    program     static C:\Users\Gilson\MPLABXProjects\Projeto1.X\Projeto1.asm
                    START   0x000006    program     static C:\Users\Gilson\MPLABXProjects\Projeto1.X\Projeto1.asm
                      VAR   0x000000       data     static C:\Users\Gilson\MPLABXProjects\Projeto1.X\Projeto1.asm



                              Symbols - Sorted by Address
                     Name    Address   Location    Storage File                     
                ---------  ---------  ---------  --------- ---------                
                    START   0x000006    program     static C:\Users\Gilson\MPLABXProjects\Projeto1.X\Projeto1.asm
                     MAIN   0x000014    program     static C:\Users\Gilson\MPLABXProjects\Projeto1.X\Projeto1.asm
                Atraso600   0x000030    program     static C:\Users\Gilson\MPLABXProjects\Projeto1.X\Projeto1.asm
                     LOOP   0x000034    program     static C:\Users\Gilson\MPLABXProjects\Projeto1.X\Projeto1.asm
                      VAR   0x000000       data     static C:\Users\Gilson\MPLABXProjects\Projeto1.X\Projeto1.asm


