MPLINK 5.08, LINKER
Linker Map File - Created Thu Oct 31 17:32:28 2019

                                 Section Info
                  Section       Type    Address   Location Size(Bytes)
                ---------  ---------  ---------  ---------  ---------
                 RES_VECT       code   0x000000    program   0x000004
                   .cinit    romdata   0x000004    program   0x000002
                MAIN_PROG       code   0x000006    program   0x00010a
                VARIAVEIS      udata   0x000000       data   0x000007



                              Program Memory Usage 
                               Start         End      
                           ---------   ---------      
                            0x000000    0x00010f      
            272 out of 33048 program addresses used, program memory utilization is 0%



                              Symbols - Sorted by Name
                     Name    Address   Location    Storage File                     
                ---------  ---------  ---------  --------- ---------                
                 Atraso1m   0x00008c    program     static C:\Users\Gilson\MPLABXProjects\Projeto2.X\Projeto2.asm
                 Atraso1s   0x00009c    program     static C:\Users\Gilson\MPLABXProjects\Projeto2.X\Projeto2.asm
              Atraso250ms   0x0000d2    program     static C:\Users\Gilson\MPLABXProjects\Projeto2.X\Projeto2.asm
                Atraso4ms   0x0000ac    program     static C:\Users\Gilson\MPLABXProjects\Projeto2.X\Projeto2.asm
                     BUZZ   0x00003e    program     static C:\Users\Gilson\MPLABXProjects\Projeto2.X\Projeto2.asm
                    DAW_S   0x0000e2    program     static C:\Users\Gilson\MPLABXProjects\Projeto2.X\Projeto2.asm
                     EXEC   0x00002a    program     static C:\Users\Gilson\MPLABXProjects\Projeto2.X\Projeto2.asm
                    INC10   0x00007c    program     static C:\Users\Gilson\MPLABXProjects\Projeto2.X\Projeto2.asm
                   INICIO   0x00000e    program     static C:\Users\Gilson\MPLABXProjects\Projeto2.X\Projeto2.asm
     INTORROMPEBUZZ_250ms   0x00005a    program     static C:\Users\Gilson\MPLABXProjects\Projeto2.X\Projeto2.asm
                    LOOP2   0x0000a0    program     static C:\Users\Gilson\MPLABXProjects\Projeto2.X\Projeto2.asm
                    LOOP3   0x0000b0    program     static C:\Users\Gilson\MPLABXProjects\Projeto2.X\Projeto2.asm
                    LOOP4   0x0000d6    program     static C:\Users\Gilson\MPLABXProjects\Projeto2.X\Projeto2.asm
                    LOOP6   0x000062    program     static C:\Users\Gilson\MPLABXProjects\Projeto2.X\Projeto2.asm
                    LOOP7   0x00005e    program     static C:\Users\Gilson\MPLABXProjects\Projeto2.X\Projeto2.asm
                    MLOOP   0x000090    program     static C:\Users\Gilson\MPLABXProjects\Projeto2.X\Projeto2.asm
                  POOLING   0x00001a    program     static C:\Users\Gilson\MPLABXProjects\Projeto2.X\Projeto2.asm
                    START   0x000006    program     static C:\Users\Gilson\MPLABXProjects\Projeto2.X\Projeto2.asm
                       l1   0x000108    program     static C:\Users\Gilson\MPLABXProjects\Projeto2.X\Projeto2.asm
                       l2   0x0000f2    program     static C:\Users\Gilson\MPLABXProjects\Projeto2.X\Projeto2.asm
                       l3   0x000100    program     static C:\Users\Gilson\MPLABXProjects\Projeto2.X\Projeto2.asm
                      MIN   0x000006       data     static C:\Users\Gilson\MPLABXProjects\Projeto2.X\Projeto2.asm
                 VARIAVEl   0x000000       data     static C:\Users\Gilson\MPLABXProjects\Projeto2.X\Projeto2.asm
                VARIAVEl2   0x000001       data     static C:\Users\Gilson\MPLABXProjects\Projeto2.X\Projeto2.asm
                VARIAVEl3   0x000002       data     static C:\Users\Gilson\MPLABXProjects\Projeto2.X\Projeto2.asm
                VARIAVEl4   0x000003       data     static C:\Users\Gilson\MPLABXProjects\Projeto2.X\Projeto2.asm
                VARIAVEl5   0x000004       data     static C:\Users\Gilson\MPLABXProjects\Projeto2.X\Projeto2.asm
                VARIAVEl6   0x000005       data     static C:\Users\Gilson\MPLABXProjects\Projeto2.X\Projeto2.asm



                              Symbols - Sorted by Address
                     Name    Address   Location    Storage File                     
                ---------  ---------  ---------  --------- ---------                
                    START   0x000006    program     static C:\Users\Gilson\MPLABXProjects\Projeto2.X\Projeto2.asm
                   INICIO   0x00000e    program     static C:\Users\Gilson\MPLABXProjects\Projeto2.X\Projeto2.asm
                  POOLING   0x00001a    program     static C:\Users\Gilson\MPLABXProjects\Projeto2.X\Projeto2.asm
                     EXEC   0x00002a    program     static C:\Users\Gilson\MPLABXProjects\Projeto2.X\Projeto2.asm
                     BUZZ   0x00003e    program     static C:\Users\Gilson\MPLABXProjects\Projeto2.X\Projeto2.asm
     INTORROMPEBUZZ_250ms   0x00005a    program     static C:\Users\Gilson\MPLABXProjects\Projeto2.X\Projeto2.asm
                    LOOP7   0x00005e    program     static C:\Users\Gilson\MPLABXProjects\Projeto2.X\Projeto2.asm
                    LOOP6   0x000062    program     static C:\Users\Gilson\MPLABXProjects\Projeto2.X\Projeto2.asm
                    INC10   0x00007c    program     static C:\Users\Gilson\MPLABXProjects\Projeto2.X\Projeto2.asm
                 Atraso1m   0x00008c    program     static C:\Users\Gilson\MPLABXProjects\Projeto2.X\Projeto2.asm
                    MLOOP   0x000090    program     static C:\Users\Gilson\MPLABXProjects\Projeto2.X\Projeto2.asm
                 Atraso1s   0x00009c    program     static C:\Users\Gilson\MPLABXProjects\Projeto2.X\Projeto2.asm
                    LOOP2   0x0000a0    program     static C:\Users\Gilson\MPLABXProjects\Projeto2.X\Projeto2.asm
                Atraso4ms   0x0000ac    program     static C:\Users\Gilson\MPLABXProjects\Projeto2.X\Projeto2.asm
                    LOOP3   0x0000b0    program     static C:\Users\Gilson\MPLABXProjects\Projeto2.X\Projeto2.asm
              Atraso250ms   0x0000d2    program     static C:\Users\Gilson\MPLABXProjects\Projeto2.X\Projeto2.asm
                    LOOP4   0x0000d6    program     static C:\Users\Gilson\MPLABXProjects\Projeto2.X\Projeto2.asm
                    DAW_S   0x0000e2    program     static C:\Users\Gilson\MPLABXProjects\Projeto2.X\Projeto2.asm
                       l2   0x0000f2    program     static C:\Users\Gilson\MPLABXProjects\Projeto2.X\Projeto2.asm
                       l3   0x000100    program     static C:\Users\Gilson\MPLABXProjects\Projeto2.X\Projeto2.asm
                       l1   0x000108    program     static C:\Users\Gilson\MPLABXProjects\Projeto2.X\Projeto2.asm
                 VARIAVEl   0x000000       data     static C:\Users\Gilson\MPLABXProjects\Projeto2.X\Projeto2.asm
                VARIAVEl2   0x000001       data     static C:\Users\Gilson\MPLABXProjects\Projeto2.X\Projeto2.asm
                VARIAVEl3   0x000002       data     static C:\Users\Gilson\MPLABXProjects\Projeto2.X\Projeto2.asm
                VARIAVEl4   0x000003       data     static C:\Users\Gilson\MPLABXProjects\Projeto2.X\Projeto2.asm
                VARIAVEl5   0x000004       data     static C:\Users\Gilson\MPLABXProjects\Projeto2.X\Projeto2.asm
                VARIAVEl6   0x000005       data     static C:\Users\Gilson\MPLABXProjects\Projeto2.X\Projeto2.asm
                      MIN   0x000006       data     static C:\Users\Gilson\MPLABXProjects\Projeto2.X\Projeto2.asm


